bcdae
8
0
0 1 2 5 6
0,'b',1
0,'c',2
0,'d',3
0,'a',4
1,'d',3
1,'a',4
1,'b',1
1,'c',2
2,'d',3
2,'a',4
2,'b',1
2,'c',2
3,'a',5
4,'e',6
5,'d',3
5,'a',4
6,'d',3
6,'a',4
0,'e',7
1,'e',7
2,'e',7
3,'b',7
3,'c',7
3,'d',7
3,'e',7
4,'b',7
4,'c',7
4,'d',7
4,'a',7
5,'b',7
5,'c',7
5,'e',7
6,'b',7
6,'c',7
6,'e',7
7,'b',7
7,'c',7
7,'d',7
7,'a',7
7,'e',7