10
7
0
1 2 3 4 5
0,'1',1
1,'0',2
1,'1',3
2,'1',4
2,'0',2
3,'1',3
3,'0',5
4,'1',3
4,'0',2
5,'1',3
5,'0',5
0,'0',6
6,'1',6
6,'0',6