01
8
0
6
0,'0',1
1,'0',2
1,'1',3
2,'1',4
3,'1',5
4,'1',5
4,'0',2
5,'0',6
5,'1',5
0,'1',7
2,'0',7
3,'0',7
6,'0',7
6,'1',7
7,'0',7
7,'1',7