01
12
0
1 4 5 7 9
0,'0',1
0,'1',2
1,'1',3
1,'0',4
2,'0',5
2,'1',6
3,'0',7
3,'1',6
4,'1',8
4,'0',1
4,'0',4
5,'1',3
5,'1',8
5,'0',1
5,'0',4
6,'0',9
6,'1',6
7,'1',3
7,'1',8
7,'0',1
7,'0',4
8,'0',5
8,'0',7
8,'1',6
9,'1',10
10,'0',9
10,'1',6
9,'0',11
11,'0',11
11,'1',11