abc
7
0
3
0,'a',1
0,'b',2
0,'c',3
1,'a',4
1,'c',3
1,'b',2
2,'c',3
2,'a',1
2,'b',2
4,'c',3
4,'a',6
4,'b',2
6,'a',4
6,'a',6
6,'c',3
6,'b',2
3,'a',7
3,'b',7
3,'c',7
7,'a',7
7,'b',7
7,'c',7