defc
6
0
0 2 3 4
0,'d',1
0,'f',2
0,'c',3
1,'e',4
2,'d',1
2,'f',2
2,'c',3
3,'d',1
3,'f',2
3,'c',3
4,'d',1
4,'f',2
4,'c',3
0,'e',5
1,'d',5
1,'f',5
1,'c',5
2,'e',5
3,'e',5
4,'e',5
5,'d',5
5,'e',5
5,'f',5
5,'c',5