APLUSBCD abcd
BORCS bbc
BCSD d
BORCS c
DSTARACS dacac
BCSD d
ABS abab
BORCS c
ABC abc