SPACE  
BCSD d
SPACE  
DSTARACS dacac
APLUSBCD aaabcd
BCSD bcd
BORCS bbb
DSTARACS dddac