SPACE  
APLUSBCD abcd
BCSD bcd
SPACE  
ABC abc
ABS abab
SPACE  
BORCS bbcc
DS dBCSD d