APLUSBCD abcd
BCSD bcbcd
SPACE  
BCSD bcd
BORCS bbbcbbcbcccbbbc
BCSD d
BORCS bbccbc
BCSD d
SPACE  