SPACE  
TOKEN5 ecab
SPACE  
TOKEN3 cdef
TOKEN5 abcde
SPACE  
TOKEN2 abc
TOKEN5 abc
