TOKEN1 ade
SPACE  
TOKEN1 bbbbbb
SPACE  
TOKEN4 ababab
SPACE  
TOKEN1 c
TOKEN2 c
TOKEN3 c
TOKEN5 c
