TOKEN3 defccdefff
TOKEN5 ade
SPACE  
TOKEN5 abbccdd