TOKEN2 aade
SPACE  
TOKEN1 accccc
SPACE  
TOKEN5 eca
SPACE  
TOKEN5 ecb
SPACE  
TOKEN4 ecaab
TOKEN5 ecaab
