TOKEN5 accccccca
SPACE  
TOKEN5 dbcb
SPACE  
TOKEN5 dcccaab
SPACE  
TOKEN3 de
SPACE  