TOKEN3 cdefdedefdeffccde
TOKEN5 ececaadbddccdae
SPACE  
TOKEN4 bbabaaabba
TOKEN5 bbabaaabba
