TOKEN3 defdefdecdef
SPACE  
TOKEN5 ecaab
SPACE  
TOKEN5 bcbcdecec
