TOKEN5 eccbbaa
SPACE  
TOKEN5 aabbecc
SPACE  
TOKEN5 aade
SPACE  
TOKEN1 bbcc
SPACE  
