PATTERN3 edbeedbdbdbeeeffdbeefdbdb
SPACE  
PATTERN5 aaabaadcadcdcbdcababababdc
NEWLINE \n
PATTERN1 ebbeaeeecacacaccacaccaaaa
NEWLINE \n
PATTERN5 bcaaccaaccaaaacaccccaacac
NEWLINE \n