PATTERN5 babbbaadcabaaabbabdcbdcbdcbbb
PATTERN3 e
PATTERN5 fd
PATTERN3 e
PATTERN5 fd
PATTERN3 e
PATTERN5 fd
PATTERN1 eeefdeefdeefd
PATTERN5 dabbfcdadbacdcfcdcbcfddba
NEWLINE \n