PATTERN4 edaffffaaedaffedaffaedaff
SPACE  
PATTERN5 acccdbdbdbadfdbcfddccfdcf
NEWLINE \n
PATTERN5 dbdbdbddbdcdcdcdcdcdcdcdc
NEWLINE \n
PATTERN4 edafdaedafedafedafdaaedaf
SPACE  
PATTERN4 ddedafedafedafaafaedafedaf