NEWLINE \n
PATTERN2 adcaabdcdcdcdcaababbaadcaPATTERN5 adcaabdcdcdcdcaababbaadca