PATTERN1 eabaacaccaccaaccccccccaac
SPACE  
PATTERN5 bdcbdcbdcaadcdcbbdcabadcdc
SPACE  
PATTERN1 eecacaaaccaaacccacacaacca
NEWLINE \n