EFSTAR eff
BORCS cbbc
EFSTAR efffff
EFSTAR e
SPACE  
ASTARBD abd
ASTARBD abd
ASTARBD bd