ASTARBD bd
EFSTAR e
ASTARBD bd
EFSTAR ef
ASTARBD abd
ABPLUSC ab
ASTARBD aabd
SPACE  
ABPLUSC abccc