ABPLUSC abababc
SPACE  
BORCS bccbbcbc
EFSTAR e
ABDORE abdASTARBD abd