SPACE  
ABSTAR abab
BORCS bcbc
ABDORE e
ASTARBD aaaabd
SPACE  
