ABSTAR ab
BORCS bcbccb
SPACE  
BORCS cbcbcb
SPACE  
BORCS bcbcbc
SPACE  
BORCS c
C c
