SPACE  
ASTARBD abd
SPACE  
BORCS cbbbcbbcbbbbc
EFSTAR eff
C c
EFSTAR eff
BORCS bcccbbbc
SPACE  