ABDORE abd
ABPLUSC ababababababc
SPACE  
BORCS ccbc
SPACE  
BORCS cbcbcbcbcbcbcb
SPACE  
BORCS bcbc
SPACE  
