BCBC bcbc
EFSTAR e
BORCS cbbc
EFSTAR e
BORCS bc
ABPLUSC ab
SPACE  
ASTARBD aabd
EFSTAR e
ASTARBD abd
ABPLUSC ababccc
ABPLUSC ab
SPACE  
EFSTAR ef
C c
ABDORE eEFSTAR e