EFSTAR ef
EFSTAR e
ASTARBD abd
EFSTAR efff
CBSAR cb
SPACE  
BCBC bcbc
SPACE  
CBSAR cb
SPACE  
BORCS cbbc
ABPLUSC abc