PATTERN5 101
NEWLINE \n
PATTERN1 1 0
PATTERN5 1111101
NEWLINE \n
PATTERN2  
PATTERN2 1010 
PATTERN4 101 101 
PATTERN2  
PATTERN2  
PATTERN3  001 