PATTERN2 101010 
PATTERN1 1 0
PATTERN2  
PATTERN1 1 0