PATTERN1 1 0
PATTERN2  
NEWLINE \n
PATTERN2  
PATTERN3  001 
PATTERN1 1 0