PATTERN4 101 
PATTERN5 101
NEWLINE \n
PATTERN2  
PATTERN3  001 
PATTERN2  
PATTERN3  001 
PATTERN2  
PATTERN2 101010 