PATTERN5 11101
NEWLINE \n
PATTERN1 1 0
PATTERN2  
PATTERN3  001 
PATTERN4 101 
SPACE  PATTERN2  